Pact Stub Server [CLIVERSION]

Usage: pact-stub-server [OPTIONS]

Options:
  -l, --loglevel <loglevel>
          Log level (defaults to info) [default: info] [possible values: error, warn, info, debug, trace, none]
  -f, --file <file>
          Pact file to load (can be repeated)
  -d, --dir <dir>
          Directory of pact files to load (can be repeated)
  -e, --extension <ext>
          File extension to use when loading from a directory (default is json)
  -u, --url <url>
          URL of pact file to fetch (can be repeated)
  -b, --broker-url <broker-url>
          URL of the pact broker to fetch pacts from [env: PACT_BROKER_BASE_URL=]
      --user <user>
          User and password to use when fetching pacts from URLS or Pact Broker in user:password form
  -t, --token <token>
          Bearer token to use when fetching pacts from URLS or Pact Broker
  -p, --port <port>
          Port to run on (defaults to random port assigned by the OS)
  -o, --cors
          Automatically respond to OPTIONS requests and return default CORS headers
      --cors-referer
          Set the CORS Access-Control-Allow-Origin header to the Referer
      --insecure-tls
          Disables TLS certificate validation
  -s, --provider-state <provider-state>
          Provider state regular expression to filter the responses by
      --provider-state-header-name <provider-state-header-name>
          Name of the header parameter containing the provider state to be used in case multiple matching interactions are found
      --empty-provider-state
          Include empty provider states when filtering with --provider-state
      --consumer-name <consumer-name>
          Consumer name or regex to use to filter the Pacts fetched from the Pact broker (can be repeated)
      --provider-name <provider-name>
          Provider name or regex to use to filter the Pacts fetched from the Pact broker (can be repeated)
  -v, --version
          Print version information
  -w, --watch
          Watch files and directories for changes
  -h, --help
          Print help
